
> cafeteria@0.0.0 build
> vite build

[36mvite v6.4.2 [32mbuilding for production...[36m[39m
transforming...
[32mΓ£ô[39m 10 modules transformed.
node.exe : [31mΓ£ù[39m Build failed in 1.24s
At line:1 char:1
+ & "C:\Program Files\nodejs/node.exe" "C:\Program Files\nodejs/node_mo ...
+ ~~~~~~~~~~~~~~~~~~~~~~~~~~~~~~~~~~~~~~~~~~~~~~~~~~~~~~~~~~~~~~~~~~~~~
    + CategoryInfo          : NotSpecified: ([31mΓ£ù[39m Build failed in 1.24s:String) [], RemoteException
    + FullyQualifiedErrorId : NativeCommandError
 
[31merror during build:
[31m[vite:esbuild] Transform failed with 1 error:
C:/Users/Pallavi/OneDrive/Desktop/cafeteria/src/pages/Menu.jsx:1:0: ERROR: Unexpected "∩┐╜"[31m
file: [36mC:/Users/Pallavi/OneDrive/Desktop/cafeteria/src/pages/Menu.jsx:1:0[31m
[33m
[33mUnexpected "∩┐╜"[33m
1  |  ∩┐╜∩┐╜i m p o r t   R e a c t   f r o m   ' r e a c t ' ;   e x p o r t   d e f a u l t   f u n c t i o n  
 M e n u ( )   {   r e t u r n   < d i v   c l a s s N a m e = ' p t - 3 2   p b - 2 0   c o n t a i n e r  
 m x - a u t o   p x - 6 ' > < h 1 > O u r   M e n u < / h 1 > < p > D e l i c i o u s   c o f f e e   a n d  
 d e s s e r t s . < / p > < / d i v > ;   } 
 
   |  ^
2  |   
[31m
    at failureErrorWithLog (C:\Users\Pallavi\OneDrive\Desktop\cafeteria\node_modules\esbuild\lib\main.js:1467:15)
    at C:\Users\Pallavi\OneDrive\Desktop\cafeteria\node_modules\esbuild\lib\main.js:736:50
    at responseCallbacks.<computed> 
(C:\Users\Pallavi\OneDrive\Desktop\cafeteria\node_modules\esbuild\lib\main.js:603:9)
    at handleIncomingPacket (C:\Users\Pallavi\OneDrive\Desktop\cafeteria\node_modules\esbuild\lib\main.js:658:12)
    at Socket.readFromStdout (C:\Users\Pallavi\OneDrive\Desktop\cafeteria\node_modules\esbuild\lib\main.js:581:7)
    at Socket.emit (node:events:508:28)
    at addChunk (node:internal/streams/readable:563:12)
    at readableAddChunkPushByteMode (node:internal/streams/readable:514:3)
    at Readable.push (node:internal/streams/readable:394:5)
    at Pipe.onStreamRead (node:internal/stream_base_commons:189:23)[39m
